components/FipeLookup.tsx(39,46): error TS2345: Argument of type 'string' is not assignable to parameter of type 'TipoVeiculo'.
components/FipeLookup.tsx(62,60): error TS2345: Argument of type 'string' is not assignable to parameter of type 'TipoVeiculo'.
components/FipeLookup.tsx(89,44): error TS2345: Argument of type 'string' is not assignable to parameter of type 'TipoVeiculo'.
components/FipeLookup.tsx(110,17): error TS2345: Argument of type 'string' is not assignable to parameter of type 'TipoVeiculo'.
utils/export.ts(40,50): error TS2307: Cannot find module 'xlsx' or its corresponding type declarations.
utils/export.ts(42,54): error TS2307: Cannot find module 'xlsx' or its corresponding type declarations.
utils/export.ts(43,60): error TS2307: Cannot find module 'xlsx' or its corresponding type declarations.
utils/export.ts(51,71): error TS2307: Cannot find module 'xlsx' or its corresponding type declarations.
